// Jest Snapshot v1, https://goo.gl/fbAQLP

exports[`UploadButton should render correctly 1`] = `ShallowWrapper {}`;
