// Jest Snapshot v1, https://goo.gl/fbAQLP

exports[`Events component renders correctly with props 1`] = `ShallowWrapper {}`;
